2025-12-10 11:04:05,718 - __main__ - INFO - ==================================================
2025-12-10 11:04:05,718 - __main__ - INFO - 启动全球新闻标题聚合器
2025-12-10 11:04:05,718 - __main__ - INFO - ==================================================
2025-12-10 11:04:05,718 - __main__ - INFO - 开始抓取新闻...
2025-12-10 11:04:05,718 - __main__ - INFO - 正在抓取 BBC News...
2025-12-10 11:04:06,520 - __main__ - INFO - 成功提取 0 条新闻
2025-12-10 11:04:06,520 - __main__ - ERROR - 无法从 BBC News 提取新闻，跳过...
2025-12-10 11:04:06,520 - __main__ - INFO - 正在抓取 CNN...
2025-12-10 11:04:08,456 - __main__ - INFO - 成功提取 0 条新闻
2025-12-10 11:04:08,456 - __main__ - ERROR - 无法从 CNN 提取新闻，跳过...
2025-12-10 11:04:08,456 - __main__ - INFO - 正在抓取 Reuters...
2025-12-10 11:04:09,279 - __main__ - ERROR - 请求失败 https://www.reuters.com: 401 Client Error: HTTP Forbidden for url: https://www.reuters.com/
2025-12-10 11:04:09,279 - __main__ - INFO - 等待 5 秒后重试...
2025-12-10 11:04:14,852 - __main__ - ERROR - 请求失败 https://www.reuters.com: 401 Client Error: HTTP Forbidden for url: https://www.reuters.com/
2025-12-10 11:04:14,852 - __main__ - INFO - 等待 10 秒后重试...
2025-12-10 11:04:25,554 - __main__ - ERROR - 请求失败 https://www.reuters.com: 401 Client Error: HTTP Forbidden for url: https://www.reuters.com/
2025-12-10 11:04:25,556 - __main__ - ERROR - 无法获取 Reuters 的内容，跳过...
2025-12-10 11:04:25,556 - __main__ - INFO - 正在抓取 Al Jazeera...
2025-12-10 11:04:26,552 - __main__ - INFO - 成功提取 0 条新闻
2025-12-10 11:04:26,552 - __main__ - ERROR - 无法从 Al Jazeera 提取新闻，跳过...
2025-12-10 11:04:26,552 - __main__ - INFO - 正在抓取 New York Times...
2025-12-10 11:04:27,584 - __main__ - INFO - 成功提取 20 条新闻
2025-12-10 11:04:27,584 - __main__ - INFO - 完成抓取 New York Times，获取 20 条新闻
2025-12-10 11:04:29,584 - __main__ - INFO - 正在抓取 The Guardian...
2025-12-10 11:04:31,161 - __main__ - INFO - 成功提取 0 条新闻
2025-12-10 11:04:31,162 - __main__ - ERROR - 无法从 The Guardian 提取新闻，跳过...
2025-12-10 11:04:31,162 - __main__ - INFO - 正在抓取 Associated Press...
2025-12-10 11:04:33,074 - __main__ - INFO - 成功提取 0 条新闻
2025-12-10 11:04:33,074 - __main__ - ERROR - 无法从 Associated Press 提取新闻，跳过...
2025-12-10 11:04:33,074 - __main__ - INFO - 正在抓取 日经新闻...
2025-12-10 11:04:33,764 - __main__ - INFO - 成功提取 0 条新闻
2025-12-10 11:04:33,764 - __main__ - ERROR - 无法从 日经新闻 提取新闻，跳过...
2025-12-10 11:04:33,764 - __main__ - INFO - 正在抓取 NHK...
2025-12-10 11:04:36,428 - __main__ - INFO - 成功提取 0 条新闻
2025-12-10 11:04:36,428 - __main__ - ERROR - 无法从 NHK 提取新闻，跳过...
2025-12-10 11:04:36,428 - __main__ - INFO - 正在抓取 人民网...
2025-12-10 11:04:36,552 - __main__ - INFO - 成功提取 0 条新闻
2025-12-10 11:04:36,552 - __main__ - ERROR - 无法从 人民网 提取新闻，跳过...
2025-12-10 11:04:36,552 - __main__ - INFO - 正在抓取 澎湃新闻...
2025-12-10 11:04:37,425 - __main__ - INFO - 成功提取 0 条新闻
2025-12-10 11:04:37,426 - __main__ - ERROR - 无法从 澎湃新闻 提取新闻，跳过...
2025-12-10 11:04:37,426 - __main__ - INFO - 完成所有抓取，共获取 20 条独特新闻
2025-12-10 11:04:37,427 - __main__ - INFO - 新闻已保存到 data/news.json
2025-12-10 11:04:37,465 - __main__ - INFO - HTML页面已生成: index.html
2025-12-10 11:04:37,465 - __main__ - INFO - 新闻聚合完成！
2025-12-10 11:12:08,737 - __main__ - INFO - ==================================================
2025-12-10 11:12:08,738 - __main__ - INFO - 启动全球新闻标题聚合器
2025-12-10 11:12:08,738 - __main__ - INFO - ==================================================
2025-12-10 11:12:08,739 - __main__ - INFO - 开始抓取新闻...
2025-12-10 11:12:08,739 - __main__ - INFO - 正在抓取 BBC News...
2025-12-10 11:12:11,547 - __main__ - INFO - 成功提取 0 条新闻
2025-12-10 11:12:11,547 - __main__ - ERROR - 无法从 BBC News 提取新闻，跳过...
2025-12-10 11:12:11,548 - __main__ - INFO - 正在抓取 CNN...
2025-12-10 11:12:17,152 - __main__ - INFO - 成功提取 0 条新闻
2025-12-10 11:12:17,152 - __main__ - ERROR - 无法从 CNN 提取新闻，跳过...
2025-12-10 11:12:17,152 - __main__ - INFO - 正在抓取 Reuters...
2025-12-10 11:12:18,062 - __main__ - ERROR - 请求失败 https://www.reuters.com: 401 Client Error: HTTP Forbidden for url: https://www.reuters.com/
2025-12-10 11:12:18,062 - __main__ - INFO - 等待 5 秒后重试...
2025-12-10 11:12:23,709 - __main__ - ERROR - 请求失败 https://www.reuters.com: 401 Client Error: HTTP Forbidden for url: https://www.reuters.com/
2025-12-10 11:12:23,709 - __main__ - INFO - 等待 10 秒后重试...
2025-12-10 11:12:34,885 - __main__ - ERROR - 请求失败 https://www.reuters.com: 401 Client Error: HTTP Forbidden for url: https://www.reuters.com/
2025-12-10 11:12:34,887 - __main__ - ERROR - 无法获取 Reuters 的内容，跳过...
2025-12-10 11:12:34,887 - __main__ - INFO - 正在抓取 Al Jazeera...
2025-12-10 11:12:35,844 - __main__ - INFO - 成功提取 0 条新闻
2025-12-10 11:12:35,844 - __main__ - ERROR - 无法从 Al Jazeera 提取新闻，跳过...
2025-12-10 11:12:35,844 - __main__ - INFO - 正在抓取 New York Times...
2025-12-10 11:12:37,066 - __main__ - INFO - 成功提取 20 条新闻
2025-12-10 11:12:37,067 - __main__ - INFO - 完成抓取 New York Times，获取 20 条新闻
2025-12-10 11:12:39,067 - __main__ - INFO - 正在抓取 The Guardian...
2025-12-10 11:12:40,891 - __main__ - INFO - 成功提取 0 条新闻
2025-12-10 11:12:40,891 - __main__ - ERROR - 无法从 The Guardian 提取新闻，跳过...
2025-12-10 11:12:40,891 - __main__ - INFO - 正在抓取 Associated Press...
2025-12-10 11:12:42,103 - __main__ - INFO - 成功提取 0 条新闻
2025-12-10 11:12:42,103 - __main__ - ERROR - 无法从 Associated Press 提取新闻，跳过...
2025-12-10 11:12:42,103 - __main__ - INFO - 正在抓取 日经新闻...
2025-12-10 11:12:43,041 - __main__ - INFO - 成功提取 0 条新闻
2025-12-10 11:12:43,041 - __main__ - ERROR - 无法从 日经新闻 提取新闻，跳过...
2025-12-10 11:12:43,041 - __main__ - INFO - 正在抓取 NHK...
2025-12-10 11:12:45,122 - __main__ - INFO - 成功提取 0 条新闻
2025-12-10 11:12:45,123 - __main__ - ERROR - 无法从 NHK 提取新闻，跳过...
2025-12-10 11:12:45,123 - __main__ - INFO - 正在抓取 人民网...
2025-12-10 11:12:45,308 - __main__ - INFO - 成功提取 0 条新闻
2025-12-10 11:12:45,308 - __main__ - ERROR - 无法从 人民网 提取新闻，跳过...
2025-12-10 11:12:45,308 - __main__ - INFO - 正在抓取 澎湃新闻...
2025-12-10 11:12:46,470 - __main__ - INFO - 成功提取 0 条新闻
2025-12-10 11:12:46,470 - __main__ - ERROR - 无法从 澎湃新闻 提取新闻，跳过...
2025-12-10 11:12:46,471 - __main__ - INFO - 正在抓取 新华网...
2025-12-10 11:12:46,836 - __main__ - INFO - 成功提取 0 条新闻
2025-12-10 11:12:46,836 - __main__ - ERROR - 无法从 新华网 提取新闻，跳过...
2025-12-10 11:12:46,836 - __main__ - INFO - 正在抓取 央视新闻...
2025-12-10 11:12:48,049 - __main__ - INFO - 成功提取 0 条新闻
2025-12-10 11:12:48,049 - __main__ - ERROR - 无法从 央视新闻 提取新闻，跳过...
2025-12-10 11:12:48,049 - __main__ - INFO - 正在抓取 中国新闻网...
2025-12-10 11:12:49,172 - __main__ - INFO - 成功提取 0 条新闻
2025-12-10 11:12:49,172 - __main__ - ERROR - 无法从 中国新闻网 提取新闻，跳过...
2025-12-10 11:12:49,172 - __main__ - INFO - 正在抓取 观察者网...
2025-12-10 11:12:49,959 - __main__ - INFO - 成功提取 0 条新闻
2025-12-10 11:12:49,959 - __main__ - ERROR - 无法从 观察者网 提取新闻，跳过...
2025-12-10 11:12:49,959 - __main__ - INFO - 正在抓取 南方网...
2025-12-10 11:12:51,256 - __main__ - INFO - 成功提取 0 条新闻
2025-12-10 11:12:51,257 - __main__ - ERROR - 无法从 南方网 提取新闻，跳过...
2025-12-10 11:12:51,257 - __main__ - INFO - 正在抓取 东方网...
2025-12-10 11:12:52,082 - __main__ - INFO - 成功提取 0 条新闻
2025-12-10 11:12:52,082 - __main__ - ERROR - 无法从 东方网 提取新闻，跳过...
2025-12-10 11:12:52,082 - __main__ - INFO - 正在抓取 中新网江苏...
2025-12-10 11:12:59,115 - __main__ - ERROR - 请求失败 http://js.chinanews.com: 502 Server Error: Bad Gateway for url: http://js.chinanews.com/
2025-12-10 11:12:59,115 - __main__ - INFO - 等待 5 秒后重试...
2025-12-10 11:13:05,555 - __main__ - ERROR - 请求失败 http://js.chinanews.com: 502 Server Error: Bad Gateway for url: http://js.chinanews.com/
2025-12-10 11:13:05,556 - __main__ - INFO - 等待 10 秒后重试...
2025-12-10 11:13:16,996 - __main__ - ERROR - 请求失败 http://js.chinanews.com: 502 Server Error: Bad Gateway for url: http://js.chinanews.com/
2025-12-10 11:13:16,996 - __main__ - ERROR - 无法获取 中新网江苏 的内容，跳过...
2025-12-10 11:13:16,996 - __main__ - INFO - 正在抓取 中新网四川...
2025-12-10 11:13:23,928 - __main__ - ERROR - 请求失败 http://sc.chinanews.com: 502 Server Error: Bad Gateway for url: http://sc.chinanews.com/
2025-12-10 11:13:23,928 - __main__ - INFO - 等待 5 秒后重试...
2025-12-10 11:13:30,563 - __main__ - ERROR - 请求失败 http://sc.chinanews.com: 502 Server Error: Bad Gateway for url: http://sc.chinanews.com/
2025-12-10 11:13:30,563 - __main__ - INFO - 等待 10 秒后重试...
2025-12-10 11:13:41,815 - __main__ - ERROR - 请求失败 http://sc.chinanews.com: 502 Server Error: Bad Gateway for url: http://sc.chinanews.com/
2025-12-10 11:13:41,815 - __main__ - ERROR - 无法获取 中新网四川 的内容，跳过...
2025-12-10 11:13:41,815 - __main__ - INFO - 正在抓取 中新网上海...
2025-12-10 11:13:51,820 - __main__ - ERROR - 请求失败 http://sh.chinanews.com: HTTPConnectionPool(host='127.0.0.1', port=7890): Read timed out. (read timeout=10)
2025-12-10 11:13:51,820 - __main__ - INFO - 等待 5 秒后重试...
2025-12-10 11:13:58,404 - __main__ - ERROR - 请求失败 http://sh.chinanews.com: 502 Server Error: Bad Gateway for url: http://sh.chinanews.com/
2025-12-10 11:13:58,404 - __main__ - INFO - 等待 10 秒后重试...
2025-12-10 11:14:09,593 - __main__ - ERROR - 请求失败 http://sh.chinanews.com: 502 Server Error: Bad Gateway for url: http://sh.chinanews.com/
2025-12-10 11:14:09,593 - __main__ - ERROR - 无法获取 中新网上海 的内容，跳过...
2025-12-10 11:14:09,593 - __main__ - INFO - 正在抓取 TechWeb...
2025-12-10 11:14:10,789 - __main__ - INFO - 成功提取 0 条新闻
2025-12-10 11:14:10,789 - __main__ - ERROR - 无法从 TechWeb 提取新闻，跳过...
2025-12-10 11:14:10,789 - __main__ - INFO - 正在抓取 DoNews...
2025-12-10 11:14:12,745 - __main__ - INFO - 成功提取 0 条新闻
2025-12-10 11:14:12,745 - __main__ - ERROR - 无法从 DoNews 提取新闻，跳过...
2025-12-10 11:14:12,745 - __main__ - INFO - 正在抓取 和讯网...
2025-12-10 11:14:13,798 - __main__ - INFO - 成功提取 0 条新闻
2025-12-10 11:14:13,799 - __main__ - ERROR - 无法从 和讯网 提取新闻，跳过...
2025-12-10 11:14:13,799 - __main__ - INFO - 正在抓取 东方财富网...
2025-12-10 11:14:14,787 - __main__ - INFO - 成功提取 1 条新闻
2025-12-10 11:14:14,787 - __main__ - INFO - 完成抓取 东方财富网，获取 1 条新闻
2025-12-10 11:14:16,787 - __main__ - INFO - 正在抓取 搜狐体育...
2025-12-10 11:14:17,907 - __main__ - INFO - 成功提取 0 条新闻
2025-12-10 11:14:17,907 - __main__ - ERROR - 无法从 搜狐体育 提取新闻，跳过...
2025-12-10 11:14:17,907 - __main__ - INFO - 正在抓取 新浪体育...
2025-12-10 11:14:18,551 - __main__ - INFO - 成功提取 0 条新闻
2025-12-10 11:14:18,552 - __main__ - ERROR - 无法从 新浪体育 提取新闻，跳过...
2025-12-10 11:14:18,552 - __main__ - INFO - 完成所有抓取，共获取 21 条独特新闻
2025-12-10 11:14:18,553 - __main__ - INFO - 新闻已保存到 data/news.json
2025-12-10 11:14:18,598 - __main__ - INFO - HTML页面已生成: index.html
2025-12-10 11:14:18,598 - __main__ - INFO - 新闻聚合完成！
2025-12-10 11:21:05,015 - __main__ - INFO - ==================================================
2025-12-10 11:21:05,015 - __main__ - INFO - 启动全球新闻标题聚合器
2025-12-10 11:21:05,015 - __main__ - INFO - ==================================================
2025-12-10 11:21:05,015 - __main__ - INFO - 开始抓取新闻...
2025-12-10 11:21:05,015 - __main__ - INFO - 正在抓取 BBC News...
2025-12-10 11:21:05,694 - __main__ - INFO - 成功提取 0 条新闻
2025-12-10 11:21:05,695 - __main__ - ERROR - 无法从 BBC News 提取新闻，跳过...
2025-12-10 11:21:05,695 - __main__ - INFO - 正在抓取 CNN...
2025-12-10 11:21:07,483 - __main__ - INFO - 成功提取 0 条新闻
2025-12-10 11:21:07,483 - __main__ - ERROR - 无法从 CNN 提取新闻，跳过...
2025-12-10 11:21:07,483 - __main__ - INFO - 正在抓取 Reuters...
2025-12-10 11:21:08,180 - __main__ - ERROR - 请求失败 https://www.reuters.com: 401 Client Error: HTTP Forbidden for url: https://www.reuters.com/
2025-12-10 11:21:08,180 - __main__ - INFO - 等待 5 秒后重试...
2025-12-10 11:21:13,888 - __main__ - ERROR - 请求失败 https://www.reuters.com: 401 Client Error: HTTP Forbidden for url: https://www.reuters.com/
2025-12-10 11:21:13,888 - __main__ - INFO - 等待 10 秒后重试...
2025-12-10 11:21:24,440 - __main__ - ERROR - 请求失败 https://www.reuters.com: 401 Client Error: HTTP Forbidden for url: https://www.reuters.com/
2025-12-10 11:21:24,442 - __main__ - ERROR - 无法获取 Reuters 的内容，跳过...
2025-12-10 11:21:24,442 - __main__ - INFO - 正在抓取 Al Jazeera...
2025-12-10 11:21:25,137 - __main__ - INFO - 成功提取 0 条新闻
2025-12-10 11:21:25,137 - __main__ - ERROR - 无法从 Al Jazeera 提取新闻，跳过...
2025-12-10 11:21:25,137 - __main__ - INFO - 正在抓取 New York Times...
2025-12-10 11:21:26,190 - __main__ - INFO - 成功提取 20 条新闻
2025-12-10 11:21:26,190 - __main__ - INFO - 过滤过短标题: Gary Settle
2025-12-10 11:21:26,191 - __main__ - INFO - 完成抓取 New York Times，获取 19 条新闻
2025-12-10 11:21:28,191 - __main__ - INFO - 正在抓取 The Guardian...
2025-12-10 11:21:29,649 - __main__ - INFO - 成功提取 0 条新闻
2025-12-10 11:21:29,649 - __main__ - ERROR - 无法从 The Guardian 提取新闻，跳过...
2025-12-10 11:21:29,649 - __main__ - INFO - 正在抓取 Associated Press...
2025-12-10 11:21:30,492 - __main__ - INFO - 成功提取 0 条新闻
2025-12-10 11:21:30,492 - __main__ - ERROR - 无法从 Associated Press 提取新闻，跳过...
2025-12-10 11:21:30,492 - __main__ - INFO - 正在抓取 日经新闻...
2025-12-10 11:21:31,119 - __main__ - INFO - 成功提取 0 条新闻
2025-12-10 11:21:31,119 - __main__ - ERROR - 无法从 日经新闻 提取新闻，跳过...
2025-12-10 11:21:31,119 - __main__ - INFO - 正在抓取 NHK...
2025-12-10 11:21:33,095 - __main__ - INFO - 成功提取 0 条新闻
2025-12-10 11:21:33,096 - __main__ - ERROR - 无法从 NHK 提取新闻，跳过...
2025-12-10 11:21:33,096 - __main__ - INFO - 正在抓取 人民网...
2025-12-10 11:21:33,392 - __main__ - INFO - 成功提取 15 条新闻
2025-12-10 11:21:33,392 - __main__ - INFO - 过滤过短标题: 从五年规划看“中国之治”
2025-12-10 11:21:33,392 - __main__ - INFO - 过滤过短标题: 任平:因地制宜做好经济工作
2025-12-10 11:21:33,392 - __main__ - INFO - 过滤过短标题: 年轻干部稳扎稳打才能持续成长
2025-12-10 11:21:33,392 - __main__ - INFO - 过滤过短标题: 西班牙小镇如何建设新能源社区
2025-12-10 11:21:33,392 - __main__ - INFO - 过滤过短标题: 思想淬火砥砺“英雄气”
2025-12-10 11:21:33,392 - __main__ - INFO - 过滤过短标题: 从“长剧深耕”到“长短互补”
2025-12-10 11:21:33,392 - __main__ - INFO - 完成抓取 人民网，获取 9 条新闻
2025-12-10 11:21:35,393 - __main__ - INFO - 正在抓取 澎湃新闻...
2025-12-10 11:21:35,859 - __main__ - INFO - 成功提取 0 条新闻
2025-12-10 11:21:35,859 - __main__ - ERROR - 无法从 澎湃新闻 提取新闻，跳过...
2025-12-10 11:21:35,859 - __main__ - INFO - 正在抓取 新华网...
2025-12-10 11:21:36,109 - __main__ - INFO - 成功提取 47 条新闻
2025-12-10 11:21:36,109 - __main__ - INFO - 过滤过短标题: 打造绿色有机农畜产品输出地
2025-12-10 11:21:36,110 - __main__ - INFO - 过滤过短标题: 伟力·文化抗战丨第二集 笔刃
2025-12-10 11:21:36,110 - __main__ - INFO - 过滤过短标题: 特写：采出一个晶莹的冬天
2025-12-10 11:21:36,110 - __main__ - INFO - 过滤过短标题: 江苏太仓汽车出口持续增长
2025-12-10 11:21:36,110 - __main__ - INFO - 过滤过短标题: 陕西榆林发现秦直道遗迹
2025-12-10 11:21:36,110 - __main__ - INFO - 过滤过短标题: 善听消费者声音很有必要
2025-12-10 11:21:36,110 - __main__ - INFO - 过滤过短标题: “零添加”不等于更健康
2025-12-10 11:21:36,110 - __main__ - INFO - 过滤广告新闻: 元首外交引领给中法、中欧合作带来哪些新机遇？
2025-12-10 11:21:36,110 - __main__ - INFO - 完成抓取 新华网，获取 22 条新闻
2025-12-10 11:21:38,111 - __main__ - INFO - 正在抓取 央视新闻...
2025-12-10 11:21:38,529 - __main__ - INFO - 成功提取 4 条新闻
2025-12-10 11:21:38,530 - __main__ - INFO - 过滤过短标题: “资源活化”如何激发城乡活力
2025-12-10 11:21:38,530 - __main__ - INFO - 完成抓取 央视新闻，获取 3 条新闻
2025-12-10 11:21:40,530 - __main__ - INFO - 正在抓取 中国新闻网...
2025-12-10 11:21:41,200 - __main__ - INFO - 成功提取 0 条新闻
2025-12-10 11:21:41,200 - __main__ - ERROR - 无法从 中国新闻网 提取新闻，跳过...
2025-12-10 11:21:41,200 - __main__ - INFO - 正在抓取 观察者网...
2025-12-10 11:21:41,892 - __main__ - INFO - 成功提取 191 条新闻
2025-12-10 11:21:41,893 - __main__ - INFO - 过滤过短标题: 从五年规划看“中国之治”
2025-12-10 11:21:41,893 - __main__ - INFO - 完成抓取 观察者网，获取 29 条新闻
2025-12-10 11:21:43,893 - __main__ - INFO - 正在抓取 南方网...
2025-12-10 11:21:44,944 - __main__ - INFO - 成功提取 3 条新闻
2025-12-10 11:21:44,944 - __main__ - INFO - 完成抓取 南方网，获取 3 条新闻
2025-12-10 11:21:46,945 - __main__ - INFO - 正在抓取 东方网...
2025-12-10 11:21:47,398 - __main__ - INFO - 成功提取 0 条新闻
2025-12-10 11:21:47,398 - __main__ - ERROR - 无法从 东方网 提取新闻，跳过...
2025-12-10 11:21:47,398 - __main__ - INFO - 正在抓取 TechWeb...
2025-12-10 11:21:47,907 - __main__ - INFO - 成功提取 0 条新闻
2025-12-10 11:21:47,907 - __main__ - ERROR - 无法从 TechWeb 提取新闻，跳过...
2025-12-10 11:21:47,907 - __main__ - INFO - 正在抓取 DoNews...
2025-12-10 11:21:48,812 - __main__ - INFO - 成功提取 0 条新闻
2025-12-10 11:21:48,812 - __main__ - ERROR - 无法从 DoNews 提取新闻，跳过...
2025-12-10 11:21:48,812 - __main__ - INFO - 正在抓取 和讯网...
2025-12-10 11:21:49,290 - __main__ - INFO - 成功提取 0 条新闻
2025-12-10 11:21:49,290 - __main__ - ERROR - 无法从 和讯网 提取新闻，跳过...
2025-12-10 11:21:49,290 - __main__ - INFO - 正在抓取 东方财富网...
2025-12-10 11:21:49,871 - __main__ - INFO - 成功提取 1 条新闻
2025-12-10 11:21:49,871 - __main__ - INFO - 完成抓取 东方财富网，获取 1 条新闻
2025-12-10 11:21:51,871 - __main__ - INFO - 正在抓取 搜狐体育...
2025-12-10 11:21:52,777 - __main__ - INFO - 成功提取 0 条新闻
2025-12-10 11:21:52,777 - __main__ - ERROR - 无法从 搜狐体育 提取新闻，跳过...
2025-12-10 11:21:52,777 - __main__ - INFO - 正在抓取 新浪体育...
2025-12-10 11:21:53,144 - __main__ - INFO - 成功提取 0 条新闻
2025-12-10 11:21:53,144 - __main__ - ERROR - 无法从 新浪体育 提取新闻，跳过...
2025-12-10 11:21:53,144 - __main__ - INFO - 完成所有抓取，共获取 86 条独特新闻
2025-12-10 11:21:53,147 - __main__ - INFO - 新闻已保存到 data/news.json
2025-12-10 11:21:53,177 - __main__ - INFO - HTML页面已生成: index.html
2025-12-10 11:21:53,177 - __main__ - INFO - 新闻聚合完成！
2025-12-10 11:21:59,437 - __main__ - INFO - ==================================================
2025-12-10 11:21:59,437 - __main__ - INFO - 启动全球新闻标题聚合器
2025-12-10 11:21:59,437 - __main__ - INFO - ==================================================
2025-12-10 11:21:59,437 - __main__ - INFO - 开始抓取新闻...
2025-12-10 11:21:59,437 - __main__ - INFO - 正在抓取 BBC News...
2025-12-10 11:22:00,316 - __main__ - INFO - 成功提取 0 条新闻
2025-12-10 11:22:00,316 - __main__ - ERROR - 无法从 BBC News 提取新闻，跳过...
2025-12-10 11:22:00,316 - __main__ - INFO - 正在抓取 CNN...
2025-12-10 11:22:02,018 - __main__ - INFO - 成功提取 0 条新闻
2025-12-10 11:22:02,018 - __main__ - ERROR - 无法从 CNN 提取新闻，跳过...
2025-12-10 11:22:02,018 - __main__ - INFO - 正在抓取 Reuters...
2025-12-10 11:22:02,612 - __main__ - ERROR - 请求失败 https://www.reuters.com: 401 Client Error: HTTP Forbidden for url: https://www.reuters.com/
2025-12-10 11:22:02,612 - __main__ - INFO - 等待 5 秒后重试...
2025-12-10 11:22:08,162 - __main__ - ERROR - 请求失败 https://www.reuters.com: 401 Client Error: HTTP Forbidden for url: https://www.reuters.com/
2025-12-10 11:22:08,162 - __main__ - INFO - 等待 10 秒后重试...
2025-12-10 11:22:18,769 - __main__ - ERROR - 请求失败 https://www.reuters.com: 401 Client Error: HTTP Forbidden for url: https://www.reuters.com/
2025-12-10 11:22:18,770 - __main__ - ERROR - 无法获取 Reuters 的内容，跳过...
2025-12-10 11:22:18,770 - __main__ - INFO - 正在抓取 Al Jazeera...
2025-12-10 11:22:19,648 - __main__ - INFO - 成功提取 0 条新闻
2025-12-10 11:22:19,648 - __main__ - ERROR - 无法从 Al Jazeera 提取新闻，跳过...
2025-12-10 11:22:19,648 - __main__ - INFO - 正在抓取 New York Times...
2025-12-10 11:22:20,614 - __main__ - INFO - 成功提取 20 条新闻
2025-12-10 11:22:20,614 - __main__ - INFO - 过滤过短标题: Gary Settle
2025-12-10 11:22:20,614 - __main__ - INFO - 完成抓取 New York Times，获取 19 条新闻
2025-12-10 11:22:22,615 - __main__ - INFO - 正在抓取 The Guardian...
2025-12-10 11:22:24,195 - __main__ - INFO - 成功提取 0 条新闻
2025-12-10 11:22:24,196 - __main__ - ERROR - 无法从 The Guardian 提取新闻，跳过...
2025-12-10 11:22:24,196 - __main__ - INFO - 正在抓取 Associated Press...
2025-12-10 11:22:25,205 - __main__ - INFO - 成功提取 0 条新闻
2025-12-10 11:22:25,205 - __main__ - ERROR - 无法从 Associated Press 提取新闻，跳过...
2025-12-10 11:22:25,205 - __main__ - INFO - 正在抓取 日经新闻...
2025-12-10 11:22:26,939 - __main__ - INFO - 成功提取 0 条新闻
2025-12-10 11:22:26,939 - __main__ - ERROR - 无法从 日经新闻 提取新闻，跳过...
2025-12-10 11:22:26,939 - __main__ - INFO - 正在抓取 NHK...
2025-12-10 11:22:29,761 - __main__ - INFO - 成功提取 0 条新闻
2025-12-10 11:22:29,762 - __main__ - ERROR - 无法从 NHK 提取新闻，跳过...
2025-12-10 11:22:29,762 - __main__ - INFO - 正在抓取 人民网...
2025-12-10 11:22:29,978 - __main__ - INFO - 成功提取 15 条新闻
2025-12-10 11:22:29,978 - __main__ - INFO - 过滤过短标题: 从五年规划看“中国之治”
2025-12-10 11:22:29,978 - __main__ - INFO - 过滤过短标题: 任平:因地制宜做好经济工作
2025-12-10 11:22:29,978 - __main__ - INFO - 过滤过短标题: 年轻干部稳扎稳打才能持续成长
2025-12-10 11:22:29,978 - __main__ - INFO - 过滤过短标题: 西班牙小镇如何建设新能源社区
2025-12-10 11:22:29,978 - __main__ - INFO - 过滤过短标题: 思想淬火砥砺“英雄气”
2025-12-10 11:22:29,978 - __main__ - INFO - 过滤过短标题: 从“长剧深耕”到“长短互补”
2025-12-10 11:22:29,978 - __main__ - INFO - 完成抓取 人民网，获取 9 条新闻
2025-12-10 11:22:31,979 - __main__ - INFO - 正在抓取 澎湃新闻...
2025-12-10 11:22:32,411 - __main__ - INFO - 成功提取 0 条新闻
2025-12-10 11:22:32,411 - __main__ - ERROR - 无法从 澎湃新闻 提取新闻，跳过...
2025-12-10 11:22:32,411 - __main__ - INFO - 正在抓取 新华网...
2025-12-10 11:22:32,604 - __main__ - INFO - 成功提取 47 条新闻
2025-12-10 11:22:32,605 - __main__ - INFO - 过滤过短标题: 打造绿色有机农畜产品输出地
2025-12-10 11:22:32,605 - __main__ - INFO - 过滤过短标题: 伟力·文化抗战丨第二集 笔刃
2025-12-10 11:22:32,605 - __main__ - INFO - 过滤过短标题: 特写：采出一个晶莹的冬天
2025-12-10 11:22:32,605 - __main__ - INFO - 过滤过短标题: 江苏太仓汽车出口持续增长
2025-12-10 11:22:32,605 - __main__ - INFO - 过滤过短标题: 陕西榆林发现秦直道遗迹
2025-12-10 11:22:32,605 - __main__ - INFO - 过滤过短标题: 善听消费者声音很有必要
2025-12-10 11:22:32,605 - __main__ - INFO - 过滤过短标题: “零添加”不等于更健康
2025-12-10 11:22:32,605 - __main__ - INFO - 过滤广告新闻: 元首外交引领给中法、中欧合作带来哪些新机遇？
2025-12-10 11:22:32,605 - __main__ - INFO - 完成抓取 新华网，获取 22 条新闻
2025-12-10 11:22:34,606 - __main__ - INFO - 正在抓取 央视新闻...
2025-12-10 11:22:35,117 - __main__ - INFO - 成功提取 4 条新闻
2025-12-10 11:22:35,117 - __main__ - INFO - 过滤过短标题: “资源活化”如何激发城乡活力
2025-12-10 11:22:35,117 - __main__ - INFO - 完成抓取 央视新闻，获取 3 条新闻
2025-12-10 11:22:37,118 - __main__ - INFO - 正在抓取 中国新闻网...
2025-12-10 11:22:37,990 - __main__ - INFO - 成功提取 0 条新闻
2025-12-10 11:22:37,991 - __main__ - ERROR - 无法从 中国新闻网 提取新闻，跳过...
2025-12-10 11:22:37,991 - __main__ - INFO - 正在抓取 观察者网...
2025-12-10 11:22:38,864 - __main__ - INFO - 成功提取 191 条新闻
2025-12-10 11:22:38,864 - __main__ - INFO - 过滤过短标题: 从五年规划看“中国之治”
2025-12-10 11:22:38,865 - __main__ - INFO - 完成抓取 观察者网，获取 29 条新闻
2025-12-10 11:22:40,865 - __main__ - INFO - 正在抓取 南方网...
2025-12-10 11:22:41,940 - __main__ - INFO - 成功提取 3 条新闻
2025-12-10 11:22:41,940 - __main__ - INFO - 完成抓取 南方网，获取 3 条新闻
2025-12-10 11:22:43,940 - __main__ - INFO - 正在抓取 东方网...
2025-12-10 11:22:44,346 - __main__ - INFO - 成功提取 0 条新闻
2025-12-10 11:22:44,347 - __main__ - ERROR - 无法从 东方网 提取新闻，跳过...
2025-12-10 11:22:44,347 - __main__ - INFO - 正在抓取 TechWeb...
2025-12-10 11:22:44,900 - __main__ - INFO - 成功提取 0 条新闻
2025-12-10 11:22:44,900 - __main__ - ERROR - 无法从 TechWeb 提取新闻，跳过...
2025-12-10 11:22:44,901 - __main__ - INFO - 正在抓取 DoNews...
2025-12-10 11:22:45,390 - __main__ - INFO - 成功提取 0 条新闻
2025-12-10 11:22:45,390 - __main__ - ERROR - 无法从 DoNews 提取新闻，跳过...
2025-12-10 11:22:45,391 - __main__ - INFO - 正在抓取 和讯网...
2025-12-10 11:22:45,877 - __main__ - INFO - 成功提取 0 条新闻
2025-12-10 11:22:45,877 - __main__ - ERROR - 无法从 和讯网 提取新闻，跳过...
2025-12-10 11:22:45,877 - __main__ - INFO - 正在抓取 东方财富网...
2025-12-10 11:22:46,531 - __main__ - INFO - 成功提取 1 条新闻
2025-12-10 11:22:46,531 - __main__ - INFO - 完成抓取 东方财富网，获取 1 条新闻
2025-12-10 11:22:48,532 - __main__ - INFO - 正在抓取 搜狐体育...
2025-12-10 11:22:49,460 - __main__ - INFO - 成功提取 0 条新闻
2025-12-10 11:22:49,460 - __main__ - ERROR - 无法从 搜狐体育 提取新闻，跳过...
2025-12-10 11:22:49,461 - __main__ - INFO - 正在抓取 新浪体育...
2025-12-10 11:22:49,850 - __main__ - INFO - 成功提取 0 条新闻
2025-12-10 11:22:49,850 - __main__ - ERROR - 无法从 新浪体育 提取新闻，跳过...
2025-12-10 11:22:49,851 - __main__ - INFO - 完成所有抓取，共获取 86 条独特新闻
2025-12-10 11:22:49,852 - __main__ - INFO - 新闻已保存到 data/news.json
2025-12-10 11:22:49,883 - __main__ - INFO - HTML页面已生成: index.html
2025-12-10 11:22:49,883 - __main__ - INFO - 新闻聚合完成！
